// Jest Snapshot v1, https://goo.gl/fbAQLP

exports[`ToggleListButton should render correctly in "debug" mode 1`] = `
<Proxy
  buttonClass=""
  iconOptions={
    Array [
      "fa-thumbs-o-up",
      "fa-thumbs-up",
    ]
  }
  status={false}
  text=""
  updateStatus={[Function]}
/>
`;
